[23:16:07] [INIT] KubeJS 2101.7.2-build.368; MC 2101 NeoForge
[23:16:07] [INIT] Loaded plugins:
[23:16:07] [INIT] - dev.latvian.mods.kubejs.plugin.builtin.BuiltinKubeJSPlugin
[23:16:07] [INIT] - dev.latvian.mods.kubejs.plugin.builtin.BuiltinKubeJSClientPlugin
[23:16:07] [INIT] - dev.latvian.mods.kubejs.integration.architectury.ArchitecturyIntegration
[23:16:07] [INIT] - io.github.mortuusars.exposure.neoforge.integration.kubejs.ExposureKubeJSPlugin
[23:16:07] [INIT] - com.lowdragmc.lowdraglib2.integration.kjs.LDLibKubeJSPlugin
[23:16:07] [INIT] - com.tom.createores.kubejs.KubeJSExcavation
[23:16:07] [INIT] - com.almostreliable.morejs.Plugin
[23:16:07] [INIT] - moe.wolfgirl.probejs.plugin.ProbeJSKJSPlugin
[23:16:07] [INIT] - dev.latvian.mods.kubejs.create.KubeJSCreatePlugin
[23:16:07] [INIT] - fr.lucreeper74.createmetallurgy.compat.kubejs.CreateMetallurgyKJS
[23:16:08] [INFO] Loaded script startup_scripts:armorchangecreate.js in 0.112 s
[23:16:08] [INFO] Loaded script startup_scripts:armorchangediamond.js in 0.002 s
[23:16:08] [INFO] Loaded script startup_scripts:armorchangeiron.js in 0.002 s
[23:16:08] [INFO] Loaded script startup_scripts:armorchangenetherite.js in 0.003 s
[23:16:08] [INFO] Loaded script startup_scripts:fixbendermodname.js in 0.002 s
[23:16:08] [INFO] startup_scripts:main.js#2: Hello, World! (Loaded startup example script)
[23:16:08] [INFO] Loaded script startup_scripts:main.js in 0.001 s
[23:16:09] [INFO] Loaded 6/6 KubeJS startup scripts in 1.735 s with 0 errors and 0 warnings
[23:16:09] [INFO] Validated 2 files in kubejs/assets/ in 0ms
[23:16:09] [INFO] Validated 0 files in kubejs/data/ in 0ms
